1776321349.491 15.29
1776321350.497 15.29
1776321351.501 14.91
1776321352.504 15.29
1776321353.508 13.42
1776321354.512 14.91
1776321355.516 14.91
1776321356.520 15.29
1776321357.525 15.66
1776321358.530 15.29
1776321359.535 15.29
1776321360.539 15.29
1776321361.543 14.91
1776321362.548 14.91
1776321363.553 14.91
1776321364.558 15.66
1776321365.562 14.54
1776321366.566 14.91
1776321367.571 15.66
1776321368.575 15.29
1776321369.580 15.66
1776321370.585 15.66
1776321371.589 15.29
1776321372.593 14.91
1776321373.598 16.03
1776321374.602 15.29
1776321375.607 13.79
1776321376.611 14.91
1776321377.616 11.93
1776321378.620 14.17
1776321379.625 15.29
1776321380.629 13.42
1776321381.633 15.29
1776321382.637 15.29
1776321383.642 15.29
1776321384.647 14.91
1776321385.652 14.91
1776321386.658 15.29
1776321387.663 14.91
1776321388.668 15.66
1776321389.673 15.29
1776321390.678 14.17
1776321391.684 14.91
1776321392.690 14.17
1776321393.696 15.29
1776321394.701 15.29
1776321395.706 14.17
1776321396.711 13.42
1776321397.719 15.29
1776321398.725 14.91
1776321399.730 13.42
1776321400.735 15.66
1776321401.741 14.91
1776321402.746 15.29
1776321403.752 15.29
1776321404.757 15.29
1776321405.761 13.42
1776321406.767 14.91
1776321407.774 13.79
1776321408.780 13.79
1776321409.785 15.29
1776321410.790 15.29
1776321411.795 14.91
1776321412.800 15.29
1776321413.806 14.91
1776321414.811 15.29
1776321415.818 14.91
1776321416.823 14.91
1776321417.828 14.91
1776321418.833 14.17
1776321419.839 15.29
1776321420.844 14.91
1776321421.849 15.29
1776321422.854 13.42
1776321423.859 15.29
1776321424.864 15.66
1776321425.869 13.79
1776321426.875 15.29
1776321427.880 15.29
1776321428.886 15.66
1776321429.891 15.29
1776321430.896 15.29
1776321431.901 14.17
1776321432.907 15.29
1776321433.912 13.42
1776321434.917 15.29
1776321435.922 13.42
1776321436.926 14.91
1776321437.931 13.79
1776321438.936 15.29
1776321439.942 13.42
1776321440.947 15.29
1776321441.952 14.91
1776321442.958 15.29
1776321443.964 15.29
1776321444.968 13.42
1776321445.973 14.91
1776321446.978 14.91
1776321447.983 13.79
1776321576.764 15.29
1776321577.769 15.29
1776321578.772 15.29
1776321579.776 14.91
1776321580.780 14.91
1776321581.785 15.29
1776321582.790 15.29
1776321583.796 15.29
1776321584.802 14.91
1776321585.806 15.29
1776321586.811 15.29
1776321587.816 15.29
1776321588.821 15.29
1776321589.826 15.29
1776321590.831 15.29
1776321591.836 15.66
1776321592.841 15.29
1776321593.847 13.79
1776321594.852 14.91
1776321595.858 15.29
1776321596.863 14.91
1776321597.868 14.91
1776321598.874 15.29
1776321599.879 15.29
1776321600.884 15.29
1776321601.889 14.91
1776321602.895 13.42
1776321603.900 15.66
1776321604.906 15.66
1776321605.911 14.91
1776321606.916 15.29
1776321607.921 15.29
1776321608.926 15.29
1776321609.930 16.78
1776321610.935 15.29
1776321611.939 15.29
1776321612.945 14.91
1776321613.951 14.91
1776321614.955 14.91
1776321615.960 15.29
1776321616.965 15.29
1776321617.970 15.29
1776321618.975 14.91
1776321619.979 15.29
1776321620.985 14.91
1776321621.989 15.29
1776321622.994 15.29
1776321623.999 15.29
1776321625.005 15.29
1776321626.010 15.29
1776321627.015 15.29
1776321628.020 15.66
1776321629.025 15.66
1776321630.030 14.17
1776321631.036 15.29
1776321632.041 15.29
1776321633.046 14.91
1776321634.051 15.29
1776321635.055 15.29
1776321636.060 14.91
1776321637.066 15.29
1776321638.071 15.29
1776321639.076 15.29
1776321640.081 14.91
1776321641.086 15.29
1776321642.091 14.91
1776321643.096 14.91
1776321644.101 15.29
1776321645.106 15.29
1776321646.111 15.66
1776321647.116 14.17
1776321648.120 15.29
1776321649.125 15.29
1776321650.130 15.29
1776321651.135 13.42
1776321652.139 14.91
1776321653.144 13.42
1776321654.149 15.29
1776321655.153 14.91
1776321656.158 14.91
1776321657.163 15.29
1776321658.167 15.29
1776321659.172 15.29
1776321660.176 15.66
1776321661.181 14.91
1776321662.186 15.29
1776321663.191 15.29
1776321664.197 13.42
1776321665.201 15.29
1776321666.207 14.91
1776321667.212 14.91
1776321668.217 14.91
1776321669.221 14.91
1776321670.226 15.66
1776321671.231 15.29
1776321672.236 15.29
1776321673.242 15.29
1776321674.247 15.29
